// Jest Snapshot v1, https://goo.gl/fbAQLP

exports[`Movie should render correctly 1`] = `
<div
  className="App"
>
  <header
    className="App-header"
  >
    <h1
      className="App-title"
    >
      Movie Search
    </h1>
    <withRouter(Form) />
  </header>
  <div
    className="container"
  >
    <div
      className="active-movie"
    />
  </div>
</div>
`;
